// Jest Snapshot v1, https://goo.gl/fbAQLP

exports[`Home snapshot 1`] = `
<div
  className="wrapper"
>
  <div
    className="pannel"
    style={
      Object {
        "width": "0",
      }
    }
  >
    <div>
      <form>
        <input
          placeholder="reddit"
          type="text"
        />
        <button>
          -&gt;
        </button>
      </form>
      <div>
        Something
      </div>
      <div>
        Something
      </div>
      <div>
        Something
      </div>
      <div>
        Something
      </div>
    </div>
  </div>
  <div
    className="container"
    style={
      Object {
        "marginLeft": "0",
      }
    }
  >
    <button
      className="toggle"
      onClick={[Function]}
    >
      <span
        className=""
      />
      <span
        style={
          Object {
            "opacity": "1",
          }
        }
      />
      <span
        className=""
      />
    </button>
    <section
      className="wrapper"
    >
      <div>
        <h1>
          Home
        </h1>
      </div>
      <main>
        <div
          className="loading"
        />
      </main>
    </section>
  </div>
</div>
`;
